# Case css-extract: Step 0

## Changed Files


## Asset Files
- Bundle: bundle.js

## Manifest


## Update