---
source: crates/rspack_testing/src/run_fixture.rs
---
```js title=main.js
(self['webpackChunkwebpack'] = self['webpackChunkwebpack'] || []).push([["main"], {
"./index.js": function (__unused_webpack_module, exports, __webpack_require__) {
const imgSrc = new URL(/* asset import */__webpack_require__(/* ./react.svg */"./react.svg"), __webpack_require__.b);
const imgSrc2 = __webpack_require__(/* ./vue.svg */"./vue.svg");
const img = new Image();
img.src = imgSrc.href;
img.src = imgSrc2;
},
"./react.svg": function (module, exports, __webpack_require__) {
module.exports = "data:image/svg+xml;base64,PHN2ZyB4bWxucz0iaHR0cDovL3d3dy53My5vcmcvMjAwMC9zdmciIHZpZXdCb3g9IjAgMCA4NDEuOSA1OTUuMyI+PGcgZmlsbD0iIzYxREFGQiI+PHBhdGggZD0iTTY2Ni4zIDI5Ni41YzAtMzIuNS00MC43LTYzLjMtMTAzLjEtODIuNCAxNC40LTYzLjYgOC0xMTQuMi0yMC4yLTEzMC40LTYuNS0zLjgtMTQuMS01LjYtMjIuNC01LjZ2MjIuM2M0LjYgMCA4LjMuOSAxMS40IDIuNiAxMy42IDcuOCAxOS41IDM3LjUgMTQuOSA3NS43LTEuMSA5LjQtMi45IDE5LjMtNS4xIDI5LjQtMTkuNi00LjgtNDEtOC41LTYzLjUtMTAuOS0xMy41LTE4LjUtMjcuNS0zNS4zLTQxLjYtNTAgMzIuNi0zMC4zIDYzLjItNDYuOSA4NC00Ni45Vjc4Yy0yNy41IDAtNjMuNSAxOS42LTk5LjkgNTMuNi0zNi40LTMzLjgtNzIuNC01My4yLTk5LjktNTMuMnYyMi4zYzIwLjcgMCA1MS40IDE2LjUgODQgNDYuNi0xNCAxNC43LTI4IDMxLjQtNDEuMyA0OS45LTIyLjYgMi40LTQ0IDYuMS02My42IDExLTIuMy0xMC00LTE5LjctNS4yLTI5LTQuNy0zOC4yIDEuMS02Ny45IDE0LjYtNzUuOCAzLTEuOCA2LjktMi42IDExLjUtMi42Vjc4LjVjLTguNCAwLTE2IDEuOC0yMi42IDUuNi0yOC4xIDE2LjItMzQuNCA2Ni43LTE5LjkgMTMwLjEtNjIuMiAxOS4yLTEwMi43IDQ5LjktMTAyLjcgODIuMyAwIDMyLjUgNDAuNyA2My4zIDEwMy4xIDgyLjQtMTQuNCA2My42LTggMTE0LjIgMjAuMiAxMzAuNCA2LjUgMy44IDE0LjEgNS42IDIyLjUgNS42IDI3LjUgMCA2My41LTE5LjYgOTkuOS01My42IDM2LjQgMzMuOCA3Mi40IDUzLjIgOTkuOSA1My4yIDguNCAwIDE2LTEuOCAyMi42LTUuNiAyOC4xLTE2LjIgMzQuNC02Ni43IDE5LjktMTMwLjEgNjItMTkuMSAxMDIuNS00OS45IDEwMi41LTgyLjN6bS0xMzAuMi02Ni43Yy0zLjcgMTIuOS04LjMgMjYuMi0xMy41IDM5LjUtNC4xLTgtOC40LTE2LTEzLjEtMjQtNC42LTgtOS41LTE1LjgtMTQuNC0yMy40IDE0LjIgMi4xIDI3LjkgNC43IDQxIDcuOXptLTQ1LjggMTA2LjVjLTcuOCAxMy41LTE1LjggMjYuMy0yNC4xIDM4LjItMTQuOSAxLjMtMzAgMi00NS4yIDItMTUuMSAwLTMwLjItLjctNDUtMS45LTguMy0xMS45LTE2LjQtMjQuNi0yNC4yLTM4LTcuNi0xMy4xLTE0LjUtMjYuNC0yMC44LTM5LjggNi4yLTEzLjQgMTMuMi0yNi44IDIwLjctMzkuOSA3LjgtMTMuNSAxNS44LTI2LjMgMjQuMS0zOC4yIDE0LjktMS4zIDMwLTIgNDUuMi0yIDE1LjEgMCAzMC4yLjcgNDUgMS45IDguMyAxMS45IDE2LjQgMjQuNiAyNC4yIDM4IDcuNiAxMy4xIDE0LjUgMjYuNCAyMC44IDM5LjgtNi4zIDEzLjQtMTMuMiAyNi44LTIwLjcgMzkuOXptMzIuMy0xM2M1LjQgMTMuNCAxMCAyNi44IDEzLjggMzkuOC0xMy4xIDMuMi0yNi45IDUuOS00MS4yIDggNC45LTcuNyA5LjgtMTUuNiAxNC40LTIzLjcgNC42LTggOC45LTE2LjEgMTMtMjQuMXpNNDIxLjIgNDMwYy05LjMtOS42LTE4LjYtMjAuMy0yNy44LTMyIDkgLjQgMTguMi43IDI3LjUuNyA5LjQgMCAxOC43LS4yIDI3LjgtLjctOSAxMS43LTE4LjMgMjIuNC0yNy41IDMyem0tNzQuNC01OC45Yy0xNC4yLTIuMS0yNy45LTQuNy00MS03LjkgMy43LTEyLjkgOC4zLTI2LjIgMTMuNS0zOS41IDQuMSA4IDguNCAxNiAxMy4xIDI0IDQuNyA4IDkuNSAxNS44IDE0LjQgMjMuNHpNNDIwLjcgMTYzYzkuMyA5LjYgMTguNiAyMC4zIDI3LjggMzItOS0uNC0xOC4yLS43LTI3LjUtLjctOS40IDAtMTguNy4yLTI3LjguNyA5LTExLjcgMTguMy0yMi40IDI3LjUtMzJ6bS03NCA1OC45Yy00LjkgNy43LTkuOCAxNS42LTE0LjQgMjMuNy00LjYgOC04LjkgMTYtMTMgMjQtNS40LTEzLjQtMTAtMjYuOC0xMy44LTM5LjggMTMuMS0zLjEgMjYuOS01LjggNDEuMi03Ljl6bS05MC41IDEyNS4yYy0zNS40LTE1LjEtNTguMy0zNC45LTU4LjMtNTAuNiAwLTE1LjcgMjIuOS0zNS42IDU4LjMtNTAuNiA4LjYtMy43IDE4LTcgMjcuNy0xMC4xIDUuNyAxOS42IDEzLjIgNDAgMjIuNSA2MC45LTkuMiAyMC44LTE2LjYgNDEuMS0yMi4yIDYwLjYtOS45LTMuMS0xOS4zLTYuNS0yOC0xMC4yek0zMTAgNDkwYy0xMy42LTcuOC0xOS41LTM3LjUtMTQuOS03NS43IDEuMS05LjQgMi45LTE5LjMgNS4xLTI5LjQgMTkuNiA0LjggNDEgOC41IDYzLjUgMTAuOSAxMy41IDE4LjUgMjcuNSAzNS4zIDQxLjYgNTAtMzIuNiAzMC4zLTYzLjIgNDYuOS04NCA0Ni45LTQuNS0uMS04LjMtMS0xMS4zLTIuN3ptMjM3LjItNzYuMmM0LjcgMzguMi0xLjEgNjcuOS0xNC42IDc1LjgtMyAxLjgtNi45IDIuNi0xMS41IDIuNi0yMC43IDAtNTEuNC0xNi41LTg0LTQ2LjYgMTQtMTQuNyAyOC0zMS40IDQxLjMtNDkuOSAyMi42LTIuNCA0NC02LjEgNjMuNi0xMSAyLjMgMTAuMSA0LjEgMTkuOCA1LjIgMjkuMXptMzguNS02Ni43Yy04LjYgMy43LTE4IDctMjcuNyAxMC4xLTUuNy0xOS42LTEzLjItNDAtMjIuNS02MC45IDkuMi0yMC44IDE2LjYtNDEuMSAyMi4yLTYwLjYgOS45IDMuMSAxOS4zIDYuNSAyOC4xIDEwLjIgMzUuNCAxNS4xIDU4LjMgMzQuOSA1OC4zIDUwLjYtLjEgMTUuNy0yMyAzNS42LTU4LjQgNTAuNnpNMzIwLjggNzguNHoiLz48Y2lyY2xlIGN4PSI0MjAuOSIgY3k9IjI5Ni41IiByPSI0NS43Ii8+PHBhdGggZD0iTTUyMC41IDc4LjF6Ii8+PC9nPjwvc3ZnPg==";},
"./vue.svg": function (module, exports, __webpack_require__) {
module.exports = "data:image/svg+xml;base64,PHN2ZyB4bWxucz0iaHR0cDovL3d3dy53My5vcmcvMjAwMC9zdmciIHhtbG5zOnhsaW5rPSJodHRwOi8vd3d3LnczLm9yZy8xOTk5L3hsaW5rIiBhcmlhLWhpZGRlbj0idHJ1ZSIgcm9sZT0iaW1nIiBjbGFzcz0iaWNvbmlmeSBpY29uaWZ5LS1sb2dvcyIgd2lkdGg9IjM3LjA3IiBoZWlnaHQ9IjM2IiBwcmVzZXJ2ZUFzcGVjdFJhdGlvPSJ4TWlkWU1pZCBtZWV0IiB2aWV3Qm94PSIwIDAgMjU2IDE5OCI+PHBhdGggZmlsbD0iIzQxQjg4MyIgZD0iTTIwNC44IDBIMjU2TDEyOCAyMjAuOEwwIDBoOTcuOTJMMTI4IDUxLjJMMTU3LjQ0IDBoNDcuMzZaIj48L3BhdGg+PHBhdGggZmlsbD0iIzQxQjg4MyIgZD0ibTAgMGwxMjggMjIwLjhMMjU2IDBoLTUxLjJMMTI4IDEzMi40OEw1MC41NiAwSDBaIj48L3BhdGg+PHBhdGggZmlsbD0iIzM1NDk1RSIgZD0iTTUwLjU2IDBMMTI4IDEzMy4xMkwyMDQuOCAwaC00Ny4zNkwxMjggNTEuMkw5Ny45MiAwSDUwLjU2WiI+PC9wYXRoPjwvc3ZnPg==";},

},function(__webpack_require__) {
var __webpack_exec__ = function(moduleId) { return __webpack_require__(__webpack_require__.s = moduleId) }
var __webpack_exports__ = (__webpack_exec__("./index.js"));

}
]);
```
```js title=runtime.js
(function() {
var __webpack_modules__ = {

}
// The module cache
 var __webpack_module_cache__ = {};
function __webpack_require__(moduleId) {
// Check if module is in cache
        var cachedModule = __webpack_module_cache__[moduleId];
        if (cachedModule !== undefined) {
      return cachedModule.exports;
      }
      // Create a new module (and put it into the cache)
      var module = (__webpack_module_cache__[moduleId] = {
       exports: {}
      });
      // Execute the module function
      __webpack_modules__[moduleId](module, module.exports, __webpack_require__);
// Return the exports of the module
 return module.exports;

}
// expose the modules object (__webpack_modules__)
 __webpack_require__.m = __webpack_modules__;
// webpack/runtime/has_own_property
(function() {
__webpack_require__.o = function (obj, prop) {
	return Object.prototype.hasOwnProperty.call(obj, prop);
};

})();
// webpack/runtime/on_chunk_loaded
(function() {
var deferred = [];
__webpack_require__.O = function (result, chunkIds, fn, priority) {
	if (chunkIds) {
		priority = priority || 0;
		for (var i = deferred.length; i > 0 && deferred[i - 1][2] > priority; i--)
			deferred[i] = deferred[i - 1];
		deferred[i] = [chunkIds, fn, priority];
		return;
	}
	var notFulfilled = Infinity;
	for (var i = 0; i < deferred.length; i++) {
		var chunkIds = deferred[i][0],
			fn = deferred[i][1],
			priority = deferred[i][2];
		var fulfilled = true;
		for (var j = 0; j < chunkIds.length; j++) {
			if (
				(priority & (1 === 0) || notFulfilled >= priority) &&
				Object.keys(__webpack_require__.O).every(function (key) {
					return __webpack_require__.O[key](chunkIds[j]);
				})
			) {
				chunkIds.splice(j--, 1);
			} else {
				fulfilled = false;
				if (priority < notFulfilled) notFulfilled = priority;
			}
		}
		if (fulfilled) {
			deferred.splice(i--, 1);
			var r = fn();
			if (r !== undefined) result = r;
		}
	}
	return result;
};

})();
// webpack/runtime/jsonp_chunk_loading
(function() {
__webpack_require__.b = document.baseURI || self.location.href;
var installedChunks = {"runtime": 0,};
__webpack_require__.O.j = function (chunkId) {
	return installedChunks[chunkId] === 0;
};
// install a JSONP callback for chunk loading
var webpackJsonpCallback = function (parentChunkLoadingFunction, data) {
	var chunkIds = data[0],
	moreModules = data[1],
	runtime = data[2];
	// add "moreModules" to the modules object,
	// then flag all "chunkIds" as loaded and fire callback
	var moduleId,
		chunkId,
		i = 0;
	if (chunkIds.some(function(id) { return installedChunks[id] !== 0 })) {
		for (moduleId in moreModules) {
			if (__webpack_require__.o(moreModules, moduleId)) {
				__webpack_require__.m[moduleId] = moreModules[moduleId];
			}
		}
		if (runtime) var result = runtime(__webpack_require__);
	}
	if (parentChunkLoadingFunction) parentChunkLoadingFunction(data);
	for (; i < chunkIds.length; i++) {
		chunkId = chunkIds[i];
		if (
			__webpack_require__.o(installedChunks, chunkId) &&
			installedChunks[chunkId]
		) {
			installedChunks[chunkId][0]();
		}
		installedChunks[chunkId] = 0;
	}
	return __webpack_require__.O(result);
};

var chunkLoadingGlobal = self['webpackChunkwebpack'] = self['webpackChunkwebpack'] || [];
chunkLoadingGlobal.forEach(webpackJsonpCallback.bind(null, 0));
chunkLoadingGlobal.push = webpackJsonpCallback.bind(
	null,
	chunkLoadingGlobal.push.bind(chunkLoadingGlobal)
);

})();

})()

```
