---
source: crates/rspack_testing/src/run_fixture.rs
---
```js title=main.js
(self['webpackChunkwebpack'] = self['webpackChunkwebpack'] || []).push([["main"], {
"./development.js": (function (__unused_webpack_module, exports, __webpack_require__) {
}),
"./index.js": (function (__unused_webpack_module, exports, __webpack_require__) {
__webpack_require__(/* ./development */"./development.js");
}),

},function(__webpack_require__) {
var __webpack_exec__ = function(moduleId) { return __webpack_require__(__webpack_require__.s = moduleId) }
var __webpack_exports__ = (__webpack_exec__("./index.js"));

}
]);
```
