```js title=main.js
"use strict";
(self['webpackChunkwebpack'] = self['webpackChunkwebpack'] || []).push([["main"], {
"./index.js": (function (__unused_webpack_module, __webpack_exports__, __webpack_require__) {
__webpack_require__.r(__webpack_exports__);
__webpack_require__.d(__webpack_exports__, {
  Button: () => (Button),
  button: () => (button)
});
/*! Legal Comment */ // normal comment
const Button = ()=>/*#__PURE__*/ jsx('button', {});
const button = /* @__PURE__ */ new Button();


}),

},function(__webpack_require__) {
var __webpack_exec__ = function(moduleId) { return __webpack_require__(__webpack_require__.s = moduleId) }
var __webpack_exports__ = (__webpack_exec__("./index.js"));

}
]);
```