asset main.js 177 bytes {889} [emitted] (name: main)
chunk {889} (runtime: main) main.js (main) 91 bytes [entry] [rendered]
orphan modules 91 bytes [orphan] 2 modules
./index.js + 1 modules [816] 91 bytes {889} [code generated]
  [no exports]
  [no exports used]
  entry ./index.js
  
Rspack x.x.x compiled successfully in X s