```js title=main.js
"use strict";
(self["webpackChunkwebpack"] = self["webpackChunkwebpack"] || []).push([["main"], {
"./index.js": (function (module, __webpack_exports__, __webpack_require__) {
__webpack_require__.a(module, async function (__webpack_handle_async_dependencies__, __webpack_async_result__) { try {
__webpack_require__.r(__webpack_exports__);
/* ESM import */var http_localhost_8999_module_js__WEBPACK_IMPORTED_MODULE_0__ = __webpack_require__("http://localhost:8999/module.js");
/* ESM import */var http_localhost_8999_module2_js__WEBPACK_IMPORTED_MODULE_1__ = __webpack_require__("http://localhost:8999/module2.js");
var __webpack_async_dependencies__ = __webpack_handle_async_dependencies__([http_localhost_8999_module_js__WEBPACK_IMPORTED_MODULE_0__, http_localhost_8999_module2_js__WEBPACK_IMPORTED_MODULE_1__]);
([http_localhost_8999_module_js__WEBPACK_IMPORTED_MODULE_0__, http_localhost_8999_module2_js__WEBPACK_IMPORTED_MODULE_1__] = __webpack_async_dependencies__.then ? (await __webpack_async_dependencies__)() : __webpack_async_dependencies__);// Replace dynamic imports with static ESM imports



it("should load a module via http", () => {
  expect(http_localhost_8999_module_js__WEBPACK_IMPORTED_MODULE_0__["default"]).toBe("Module from HTTP server");
});

it("should load a module with dependencies via http", () => {
  expect(http_localhost_8999_module2_js__WEBPACK_IMPORTED_MODULE_1__["default"]).toBe("Module2 with dependency: Module from HTTP server");
});

__webpack_async_result__();
} catch(e) { __webpack_async_result__(e); } });

}),
"http://localhost:8999/module.js": (function (module) {
module.exports = import("http://localhost:8999/module.js");

}),
"http://localhost:8999/module2.js": (function (module) {
module.exports = import("http://localhost:8999/module2.js");

}),

},function(__webpack_require__) {
var __webpack_exec__ = function(moduleId) { return __webpack_require__(__webpack_require__.s = moduleId) }
var __webpack_exports__ = (__webpack_exec__("./index.js"));

}
]);
```