```mjs title=main.mjs
// ./foo.js
const local = 'foo'
const value = 42

// ./index.js


const index_local = 'index'
const index_index_local = ''

it('should have deconflicted symbol', async () => {
	expect(value).toBe(42)
	expect(index_local).toBe('index')
	expect(index_index_local).toBe('')
	const {value: v} = await import("./other_js.mjs").then((mod) => ({ value: mod.value }))
	expect(v).toBe(value)
})

export { value };

```

```mjs title=other_js.mjs
import { value as foo_value } from "./main.mjs";

// ./other.js


const local = 'other'

const value = foo_value

export { value };

```