---
source: crates/rspack_testing/src/run_fixture.rs
---
```js title=main.js
(self['webpackChunkwebpack'] = self['webpackChunkwebpack'] || []).push([["main"], {
"./index.tsx": (function (__unused_webpack_module, exports, __webpack_require__) {
class a {
}
function A() {
    return /*#__PURE__*/ React.createElement("div", null, "123");
}
const b = {
    a: 123
};
}),

},function(__webpack_require__) {
var __webpack_exec__ = function(moduleId) { return __webpack_require__(__webpack_require__.s = moduleId) }
var __webpack_exports__ = (__webpack_exec__("./index.tsx"));

}
]);
//# sourceMappingURL=main.js.map
```
