<!DOCTYPE html>
<html>
<head>
  <meta charset="UTF-8" />
  <title>Rspack App</title>
</head>

<body>



<script src="/chunk2.js" defer></script></body></html>