# Case unaccepted: Step 1

## Changed Files
- c.js

## Asset Files
- Bundle: bundle.js
- Manifest: main.LAST_HASH.hot-update.json, size: 28
- Update: main.LAST_HASH.hot-update.js, size: 420

## Manifest

### main.LAST_HASH.hot-update.json

```json
{"c":["main"],"r":[],"m":[]}
```

		
## Update


### main.LAST_HASH.hot-update.js

#### Changed Modules
- ./c.js

#### Changed Runtime Modules
- webpack/runtime/get_full_hash

#### Changed Content
```js
self["webpackHotUpdate"]('main', {
"./c.js": (function (__unused_webpack_module, __webpack_exports__, __webpack_require__) {
"use strict";
__webpack_require__.r(__webpack_exports__);
/* harmony default export */ __webpack_exports__["default"] = (2);
}),

},function(__webpack_require__) {
// webpack/runtime/get_full_hash
!function() {
__webpack_require__.h = function () {
	return "CURRENT_HASH";
};

}();

}
);
```