---
source: crates/rspack_plugin_css/src/pxtorem/tests/mod.rs
assertion_line: 29
expression: should_replace_the_px_unit_with_rem.css
---
# Input
.rule { font-size: 15px }

# Expected
.rule { font-size: 0.9375rem }


# Actual
.rule {
  font-size: 0.9375rem;
}

