# Case unaccepted-ignored: Step 3

## Changed Files
- a.js
- c.js

## Asset Files
- Bundle: bundle.js
- Manifest: main.LAST_HASH.hot-update.json, size: 28
- Update: main.LAST_HASH.hot-update.js, size: 837

## Manifest

### main.LAST_HASH.hot-update.json

```json
{"c":["main"],"r":[],"m":[]}
```


## Update


### main.LAST_HASH.hot-update.js

#### Changed Modules
- ./a.js
- ./c.js

#### Changed Runtime Modules
- webpack/runtime/get_full_hash

#### Changed Content
```js
"use strict";
self["webpackHotUpdate"]('main', {
"./a.js": (function (__unused_webpack_module, __webpack_exports__, __webpack_require__) {
__webpack_require__.r(__webpack_exports__);
__webpack_require__.d(__webpack_exports__, {
  "default": function() { return __WEBPACK_DEFAULT_EXPORT__; }
});
/* ESM default export */ const __WEBPACK_DEFAULT_EXPORT__ = (4);


}),
"./c.js": (function (__unused_webpack_module, __webpack_exports__, __webpack_require__) {
__webpack_require__.r(__webpack_exports__);
__webpack_require__.d(__webpack_exports__, {
  "default": function() { return __WEBPACK_DEFAULT_EXPORT__; }
});
/* ESM default export */ const __WEBPACK_DEFAULT_EXPORT__ = (3);


}),

},function(__webpack_require__) {
// webpack/runtime/get_full_hash
(() => {
__webpack_require__.h = function () {
	return "CURRENT_HASH";
};

})();

}
);
```




## Runtime
### Status

```txt
check => prepare => dispose => apply => idle
```



### JavaScript

#### Outdated

Outdated Modules:
- ./c.js


Outdated Dependencies:
```json
{
  "./b.js": [
    "./c.js"
  ]
}
```

#### Updated

Updated Modules:
- ./c.js

Updated Runtime:
- `__webpack_require__.h`


#### Callback

Accepted Callback:
- ./c.js

Disposed Callback: