```js title=main.js
"use strict";
(self['webpackChunkwebpack'] = self['webpackChunkwebpack'] || []).push([["main"], {
"./bar.js": (function () {
const a = "bar";


}),
"./foo.js": (function (__unused_webpack_module, __webpack_exports__, __webpack_require__) {
__webpack_require__.d(__webpack_exports__, {
  a: function() { return a; }
});
/* harmony import */var _bar__WEBPACK_IMPORTED_MODULE_0__ = __webpack_require__("./bar.js");
const a = "foo";



}),
"./index.js": (function (__unused_webpack_module, __unused_webpack___webpack_exports__, __webpack_require__) {
/* harmony import */var _foo__WEBPACK_IMPORTED_MODULE_0__ = __webpack_require__("./foo.js");

console.log(_foo__WEBPACK_IMPORTED_MODULE_0__.a);


}),

},function(__webpack_require__) {
var __webpack_exec__ = function(moduleId) { return __webpack_require__(__webpack_require__.s = moduleId) }
var __webpack_exports__ = (__webpack_exec__("./index.js"));

}
]);
```