# Case reload-external: Step 2

## Changed Files
- a.js
- b.js

## Asset Files
- Bundle: bundle.js
- Manifest: [runtime of 889].LAST_HASH.hot-update.json, size: 27
- Update: 889.LAST_HASH.hot-update.js, size: 486

## Manifest

### [runtime of 889].LAST_HASH.hot-update.json

```json
{"c":["889"],"r":[],"m":[]}
```


## Update


### 889.LAST_HASH.hot-update.js

#### Changed Modules
- ./b.js

#### Changed Runtime Modules
- webpack/runtime/get_full_hash

#### Changed Content
```js
"use strict";
self["webpackHotUpdate"]("889", {
"./b.js": (function (__unused_webpack_module, __webpack_exports__, __webpack_require__) {
__webpack_require__.r(__webpack_exports__);
__webpack_require__.d(__webpack_exports__, {
  "default": () => (__WEBPACK_DEFAULT_EXPORT__)
});
/* ESM default export */ const __WEBPACK_DEFAULT_EXPORT__ = (20);


}),

},function(__webpack_require__) {
// webpack/runtime/get_full_hash
(() => {
__webpack_require__.h = () => ("CURRENT_HASH")
})();

}
);
```




## Runtime
### Status

```txt
check => prepare => dispose => apply => idle
```



### JavaScript

#### Outdated

Outdated Modules:
- ./a.js


Outdated Dependencies:
```json
{
  "./module.js": [
    "./a.js"
  ]
}
```

#### Updated

Updated Modules:
- ./a.js

Updated Runtime:
- `__webpack_require__.h`


#### Callback

Accepted Callback:
- ./a.js

Disposed Callback: