# Case hot-index: Step 0

## Changed Files


## Asset Files
- Bundle: bundle.js

## Manifest


## Update