```js title=main.js
"use strict";
(self['webpackChunkwebpack'] = self['webpackChunkwebpack'] || []).push([["main"], {
"./bar.js": (function (__unused_webpack_module, __unused_webpack___webpack_exports__, __webpack_require__) {
/* harmony import */var _foo__WEBPACK_IMPORTED_MODULE_0__ = __webpack_require__("./foo.js");
/* harmony import */var _result__WEBPACK_IMPORTED_MODULE_1__ = __webpack_require__("./result.js");
function b() {}





}),
"./foo.js": (function (__unused_webpack_module, __unused_webpack___webpack_exports__, __webpack_require__) {
/* harmony import */var _bar__WEBPACK_IMPORTED_MODULE_0__ = __webpack_require__("./bar.js");
/* harmony import */var _result__WEBPACK_IMPORTED_MODULE_1__ = __webpack_require__("./result.js");
const a = 3;




}),
"./index.js": (function (__unused_webpack_module, __unused_webpack___webpack_exports__, __webpack_require__) {
/* harmony import */var _foo__WEBPACK_IMPORTED_MODULE_0__ = __webpack_require__("./foo.js");
/* harmony import */var _bar__WEBPACK_IMPORTED_MODULE_1__ = __webpack_require__("./bar.js");
/* harmony import */var _result__WEBPACK_IMPORTED_MODULE_2__ = __webpack_require__("./result.js");





}),
"./result.js": (function (__unused_webpack_module, __unused_webpack___webpack_exports__, __webpack_require__) {
/* harmony import */var _foo__WEBPACK_IMPORTED_MODULE_0__ = __webpack_require__("./foo.js");
/* harmony import */var _bar__WEBPACK_IMPORTED_MODULE_1__ = __webpack_require__("./bar.js");
const c = 103330;





}),

},function(__webpack_require__) {
var __webpack_exec__ = function(moduleId) { return __webpack_require__(__webpack_require__.s = moduleId) }
var __webpack_exports__ = (__webpack_exec__("./index.js"));

}
]);
```