```js title=main.js
(self['webpackChunkwebpack'] = self['webpackChunkwebpack'] || []).push([["main"], {
"./bar.js": (function (__unused_webpack_module, __webpack_exports__, __webpack_require__) {
"use strict";
__webpack_require__.d(__webpack_exports__, {
  "default": function() { return test; }
});
function test() {}
}),
"./foo.js": (function (__unused_webpack_module, __webpack_exports__, __webpack_require__) {
"use strict";
__webpack_require__.d(__webpack_exports__, {
  Select: function() { return /* reexport safe */ _bar__WEBPACK_IMPORTED_MODULE_0__["default"]; }
});
/* harmony import */var _bar__WEBPACK_IMPORTED_MODULE_0__ = __webpack_require__("./bar.js");

}),
"./index.js": (function (__unused_webpack_module, __unused_webpack___webpack_exports__, __webpack_require__) {
"use strict";
/* harmony import */var _foo__WEBPACK_IMPORTED_MODULE_0__ = __webpack_require__("./foo.js");

(0, _foo__WEBPACK_IMPORTED_MODULE_0__.Select)();
}),

},function(__webpack_require__) {
var __webpack_exec__ = function(moduleId) { return __webpack_require__(__webpack_require__.s = moduleId) }
var __webpack_exports__ = (__webpack_exec__("./index.js"));

}
]);
```