```js title=main.js
(self['webpackChunkwebpack'] = self['webpackChunkwebpack'] || []).push([["main"], {
"./index.js": (function (__unused_webpack_module, __unused_webpack___webpack_exports__, __webpack_require__) {
"use strict";
/* harmony import */var _app__WEBPACK_IMPORTED_MODULE_0__ = __webpack_require__("./lib.js");

(0, _app__WEBPACK_IMPORTED_MODULE_0__["default"])();
}),
"./lib.js": (function (__unused_webpack_module, __webpack_exports__, __webpack_require__) {
"use strict";
__webpack_require__.d(__webpack_exports__, {
  "default": function() { return /* export default binding */ __WEBPACK_DEFAULT_EXPORT__; }
});
const secret = "888";
const result = 20000;
const something = function() {};
/* harmony default export */ function __WEBPACK_DEFAULT_EXPORT__() {}
}),

},function(__webpack_require__) {
var __webpack_exec__ = function(moduleId) { return __webpack_require__(__webpack_require__.s = moduleId) }
var __webpack_exports__ = (__webpack_exec__("./index.js"));

}
]);
```