<!DOCTYPE html>
<html>
<head>
  <meta charset="UTF-8" />
  <title>Rspack App</title>
</head>

<body>



<script src="/runtime.js" defer></script><script src="/chunk1.js" defer></script></body></html>