```js title=a_js-_9b1b0.js
(self['webpackChunkwebpack'] = self['webpackChunkwebpack'] || []).push([["a_js-_9b1b0"], {
"./a.js": (function (__unused_webpack_module, __webpack_exports__, __webpack_require__) {
"use strict";
__webpack_require__.r(__webpack_exports__);
/* harmony import */var _shared__WEBPACK_IMPORTED_MODULE_0__ = __webpack_require__("./shared.js");
/* harmony import */var _shared__WEBPACK_IMPORTED_MODULE_0___default = /*#__PURE__*/__webpack_require__.n(_shared__WEBPACK_IMPORTED_MODULE_0__);
/* harmony import */var _i_1__WEBPACK_IMPORTED_MODULE_1__ = __webpack_require__("./i-1.js");
/* harmony import */var _i_1__WEBPACK_IMPORTED_MODULE_1___default = /*#__PURE__*/__webpack_require__.n(_i_1__WEBPACK_IMPORTED_MODULE_1__);
/* harmony import */var _i_2__WEBPACK_IMPORTED_MODULE_2__ = __webpack_require__("./i-2.js");
/* harmony import */var _i_2__WEBPACK_IMPORTED_MODULE_2___default = /*#__PURE__*/__webpack_require__.n(_i_2__WEBPACK_IMPORTED_MODULE_2__);



console.log("a");


}),
"./i-1.js": (function () {
console.log("i-1");


}),

}]);
```

```js title=a_js-_9b1b1.js
(self['webpackChunkwebpack'] = self['webpackChunkwebpack'] || []).push([["a_js-_9b1b1"], {
"./a.js": (function (__unused_webpack_module, __webpack_exports__, __webpack_require__) {
"use strict";
__webpack_require__.r(__webpack_exports__);
/* harmony import */var _shared__WEBPACK_IMPORTED_MODULE_0__ = __webpack_require__("./shared.js");
/* harmony import */var _shared__WEBPACK_IMPORTED_MODULE_0___default = /*#__PURE__*/__webpack_require__.n(_shared__WEBPACK_IMPORTED_MODULE_0__);
/* harmony import */var _i_1__WEBPACK_IMPORTED_MODULE_1__ = __webpack_require__("./i-1.js");
/* harmony import */var _i_1__WEBPACK_IMPORTED_MODULE_1___default = /*#__PURE__*/__webpack_require__.n(_i_1__WEBPACK_IMPORTED_MODULE_1__);
/* harmony import */var _i_2__WEBPACK_IMPORTED_MODULE_2__ = __webpack_require__("./i-2.js");
/* harmony import */var _i_2__WEBPACK_IMPORTED_MODULE_2___default = /*#__PURE__*/__webpack_require__.n(_i_2__WEBPACK_IMPORTED_MODULE_2__);



console.log("a");


}),
"./i-2.js": (function () {
console.log("i-2");


}),

}]);
```

```js title=index.js
(self['webpackChunkwebpack'] = self['webpackChunkwebpack'] || []).push([["index"], {
"./i-1.js": (function () {
console.log("i-1");


}),
"./index.js": (function (__unused_webpack_module, __unused_webpack___webpack_exports__, __webpack_require__) {
"use strict";
/* harmony import */var _shared__WEBPACK_IMPORTED_MODULE_0__ = __webpack_require__("./shared.js");
/* harmony import */var _shared__WEBPACK_IMPORTED_MODULE_0___default = /*#__PURE__*/__webpack_require__.n(_shared__WEBPACK_IMPORTED_MODULE_0__);
/* harmony import */var _i_1__WEBPACK_IMPORTED_MODULE_1__ = __webpack_require__("./i-1.js");
/* harmony import */var _i_1__WEBPACK_IMPORTED_MODULE_1___default = /*#__PURE__*/__webpack_require__.n(_i_1__WEBPACK_IMPORTED_MODULE_1__);


__webpack_require__.e(/* import() */ "a_js-_9b1b1").then(__webpack_require__.bind(__webpack_require__, "./a.js"));
console.log("index");


}),
"./shared.js": (function () {
console.log("shared");


}),

},function(__webpack_require__) {
var __webpack_exec__ = function(moduleId) { return __webpack_require__(__webpack_require__.s = moduleId) }
var __webpack_exports__ = (__webpack_exec__("./index.js"));

}
]);
```

```js title=index2.js
(self['webpackChunkwebpack'] = self['webpackChunkwebpack'] || []).push([["index2"], {
"./i-2.js": (function () {
console.log("i-2");


}),
"./index2.js": (function (__unused_webpack_module, __unused_webpack___webpack_exports__, __webpack_require__) {
"use strict";
/* harmony import */var _shared__WEBPACK_IMPORTED_MODULE_0__ = __webpack_require__("./shared.js");
/* harmony import */var _shared__WEBPACK_IMPORTED_MODULE_0___default = /*#__PURE__*/__webpack_require__.n(_shared__WEBPACK_IMPORTED_MODULE_0__);
/* harmony import */var _i_2__WEBPACK_IMPORTED_MODULE_1__ = __webpack_require__("./i-2.js");
/* harmony import */var _i_2__WEBPACK_IMPORTED_MODULE_1___default = /*#__PURE__*/__webpack_require__.n(_i_2__WEBPACK_IMPORTED_MODULE_1__);


__webpack_require__.e(/* import() */ "a_js-_9b1b0").then(__webpack_require__.bind(__webpack_require__, "./a.js"));
console.log("index");


}),
"./shared.js": (function () {
console.log("shared");


}),

},function(__webpack_require__) {
var __webpack_exec__ = function(moduleId) { return __webpack_require__(__webpack_require__.s = moduleId) }
var __webpack_exports__ = (__webpack_exec__("./index2.js"));

}
]);
```