```js title=main.js
"use strict";
(self["webpackChunkwebpack"] = self["webpackChunkwebpack"] || []).push([["main"], {
"./answer.js": (function (__unused_webpack_module, __webpack_exports__, __webpack_require__) {
__webpack_require__.d(__webpack_exports__, {
  a: () => (a)
});
const a = 103330;
const b = 103330;


}),
"./app.js": (function (__unused_webpack_module, __webpack_exports__, __webpack_require__) {
__webpack_require__.d(__webpack_exports__, {
  a: () => (/* reexport safe */ _answer__WEBPACK_IMPORTED_MODULE_0__.a)
});
/* ESM import */var _answer__WEBPACK_IMPORTED_MODULE_0__ = __webpack_require__("./answer.js");



}),
"./index.js": (function (__unused_webpack_module, __unused_webpack___webpack_exports__, __webpack_require__) {
/* ESM import */var _lib__WEBPACK_IMPORTED_MODULE_0__ = /* #__PURE__ */ __webpack_require__("./lib.js");

_lib__WEBPACK_IMPORTED_MODULE_0__.a;


}),
"./lib.js": (function (__unused_webpack_module, __webpack_exports__, __webpack_require__) {
__webpack_require__.d(__webpack_exports__, {
  a: () => (/* reexport safe */ _app__WEBPACK_IMPORTED_MODULE_0__.a)
});
/* ESM import */var _app__WEBPACK_IMPORTED_MODULE_0__ = __webpack_require__("./app.js");



}),

},function(__webpack_require__) {
var __webpack_exec__ = function(moduleId) { return __webpack_require__(__webpack_require__.s = moduleId) }
var __webpack_exports__ = (__webpack_exec__("./index.js"));

}
]);
```