# Case require-disposed-module-warning: Step 1

## Changed Files
- b.js
- module.js

## Asset Files
- Bundle: bundle.js
- Manifest: main.LAST_HASH.hot-update.json, size: 36
- Update: main.LAST_HASH.hot-update.js, size: 676

## Manifest

### main.LAST_HASH.hot-update.json

```json
{"c":["main"],"r":[],"m":["./a.js"]}
```


## Update


### main.LAST_HASH.hot-update.js

#### Changed Modules
- ./b.js
- ./module.js

#### Changed Runtime Modules
- webpack/runtime/get_full_hash

#### Changed Content
```js
self["webpackHotUpdate"]('main', {
"./b.js": (function (__unused_webpack_module, __webpack_exports__, __webpack_require__) {
"use strict";
__webpack_require__.r(__webpack_exports__);
__webpack_require__.d(__webpack_exports__, {
  "default": function() { return __WEBPACK_DEFAULT_EXPORT__; }
});
/* ESM default export */ const __WEBPACK_DEFAULT_EXPORT__ = ("b");


}),
"./module.js": (function (module, __unused_webpack_exports, __webpack_require__) {
module.exports = () => __webpack_require__(/*! ./b */ "./b.js");


}),

},function(__webpack_require__) {
// webpack/runtime/get_full_hash
(() => {
__webpack_require__.h = function () {
	return "CURRENT_HASH";
};

})();

}
);
```