# Case exports-info-influence: Step 1

## Changed Files
- referencer.js

## Asset Files
- Bundle: bundle.js
- Manifest: main.LAST_HASH.hot-update.json, size: 28
- Update: main.LAST_HASH.hot-update.js, size: 1504

## Manifest

### main.LAST_HASH.hot-update.json

```json
{"c":["main"],"r":[],"m":[]}
```


## Update


### main.LAST_HASH.hot-update.js

#### Changed Modules
- ./referencer.js

#### Changed Runtime Modules
- webpack/runtime/compat_get_default_export
- webpack/runtime/get_full_hash

#### Changed Content
```js
"use strict";
self["webpackHotUpdate"]("main", {
"./referencer.js": 
/*!***********************!*\
  !*** ./referencer.js ***!
  \***********************/
(function (__unused_webpack_module, __webpack_exports__, __webpack_require__) {
__webpack_require__.r(__webpack_exports__);
__webpack_require__.d(__webpack_exports__, {
  "default": () => (__WEBPACK_DEFAULT_EXPORT__)
});
/* ESM import */var _module__WEBPACK_IMPORTED_MODULE_0__ = __webpack_require__(/*! ./module */ "./module.js");
/* ESM import */var _module__WEBPACK_IMPORTED_MODULE_0___default = /*#__PURE__*/__webpack_require__.n(_module__WEBPACK_IMPORTED_MODULE_0__);
/* ESM import */var external__WEBPACK_IMPORTED_MODULE_1__ = __webpack_require__(/*! external */ "external");
/* ESM import */var external__WEBPACK_IMPORTED_MODULE_1___default = /*#__PURE__*/__webpack_require__.n(external__WEBPACK_IMPORTED_MODULE_1__);


/* ESM default export */ const __WEBPACK_DEFAULT_EXPORT__ = (`${_module__WEBPACK_IMPORTED_MODULE_0__.test} ${external__WEBPACK_IMPORTED_MODULE_1__.test}`);


}),

},function(__webpack_require__) {
// webpack/runtime/compat_get_default_export
(() => {
// getDefaultExport function for compatibility with non-ESM modules
__webpack_require__.n = (module) => {
	var getter = module && module.__esModule ?
		() => (module['default']) :
		() => (module);
	__webpack_require__.d(getter, { a: getter });
	return getter;
};

})();
// webpack/runtime/get_full_hash
(() => {
__webpack_require__.h = () => ("CURRENT_HASH")
})();

}
);
```