
;// CONCATENATED MODULE: ./a.js
const a = 'a'

export { a };
